203.0.113.10 - alice [01/Mar/2026:08:00:01 +0000] "GET /api/v1/products HTTP/1.1" 200 4521 "https://shop.example.com/" "Mozilla/5.0 (Macintosh; Intel Mac OS X 10_15_7) AppleWebKit/537.36 (KHTML, like Gecko) Chrome/122.0.0.0 Safari/537.36"
198.51.100.25 - bob [01/Mar/2026:08:00:45 +0000] "POST /api/v1/auth/login HTTP/1.1" 200 312 "-" "Mozilla/5.0 (Windows NT 10.0; Win64; x64) AppleWebKit/537.36 (KHTML, like Gecko) Chrome/122.0.0.0 Safari/537.36"
192.0.2.55 - carol [01/Mar/2026:08:01:10 +0000] "GET /api/v1/products/1042 HTTP/1.1" 200 1872 "https://shop.example.com/products" "Mozilla/5.0 (iPhone; CPU iPhone OS 17_3 like Mac OS X) AppleWebKit/605.1.15"
203.0.113.10 - alice [01/Mar/2026:08:02:33 +0000] "POST /api/v1/cart/items HTTP/1.1" 201 387 "https://shop.example.com/products/1042" "Mozilla/5.0 (Macintosh; Intel Mac OS X 10_15_7) AppleWebKit/537.36 (KHTML, like Gecko) Chrome/122.0.0.0 Safari/537.36"
198.51.100.88 - dave [01/Mar/2026:08:03:07 +0000] "GET /api/v1/search?q=wireless+headphones HTTP/1.1" 200 6341 "https://shop.example.com/" "Mozilla/5.0 (X11; Linux x86_64) AppleWebKit/537.36 (KHTML, like Gecko) Chrome/122.0.0.0 Safari/537.36"
192.0.2.55 - carol [01/Mar/2026:08:03:55 +0000] "POST /api/v1/cart/items HTTP/1.1" 201 391 "https://shop.example.com/products/987" "Mozilla/5.0 (iPhone; CPU iPhone OS 17_3 like Mac OS X) AppleWebKit/605.1.15"
203.0.113.44 - - [01/Mar/2026:08:04:12 +0000] "GET /favicon.ico HTTP/1.1" 200 3286 "-" "Mozilla/5.0 (Macintosh; Intel Mac OS X 10_15_7) AppleWebKit/537.36"
198.51.100.25 - bob [01/Mar/2026:08:05:01 +0000] "GET /api/v1/cart HTTP/1.1" 200 892 "https://shop.example.com/cart" "Mozilla/5.0 (Windows NT 10.0; Win64; x64) AppleWebKit/537.36 (KHTML, like Gecko) Chrome/122.0.0.0 Safari/537.36"
203.0.113.10 - alice [01/Mar/2026:08:05:48 +0000] "POST /api/v1/orders HTTP/1.1" 201 1024 "https://shop.example.com/checkout" "Mozilla/5.0 (Macintosh; Intel Mac OS X 10_15_7) AppleWebKit/537.36 (KHTML, like Gecko) Chrome/122.0.0.0 Safari/537.36"
192.0.2.101 - - [01/Mar/2026:08:06:30 +0000] "GET /api/v1/products/99999 HTTP/1.1" 404 128 "-" "python-httpx/0.24.1"
198.51.100.88 - dave [01/Mar/2026:08:07:15 +0000] "GET /api/v1/products/2201 HTTP/1.1" 200 2104 "https://shop.example.com/search" "Mozilla/5.0 (X11; Linux x86_64) AppleWebKit/537.36"
203.0.113.77 - eve [01/Mar/2026:08:08:02 +0000] "GET /api/v1/users/profile HTTP/1.1" 200 644 "https://shop.example.com/account" "Mozilla/5.0 (Windows NT 10.0; Win64; x64) AppleWebKit/537.36 (KHTML, like Gecko) Edge/122.0.0.0"
192.0.2.55 - carol [01/Mar/2026:08:09:44 +0000] "DELETE /api/v1/cart/items/7 HTTP/1.1" 200 42 "https://shop.example.com/cart" "Mozilla/5.0 (iPhone; CPU iPhone OS 17_3 like Mac OS X) AppleWebKit/605.1.15"
203.0.113.44 - - [01/Mar/2026:08:10:00 +0000] "GET /static/app.js HTTP/1.1" 200 84320 "-" "Mozilla/5.0 (Macintosh; Intel Mac OS X 10_15_7) AppleWebKit/537.36"
198.51.100.25 - bob [01/Mar/2026:08:10:33 +0000] "GET /api/v1/orders/8821 HTTP/1.1" 200 763 "https://shop.example.com/orders" "Mozilla/5.0 (Windows NT 10.0; Win64; x64) AppleWebKit/537.36"
203.0.113.10 - alice [01/Mar/2026:08:11:05 +0000] "GET /api/v1/recommendations HTTP/1.1" 200 3215 "https://shop.example.com/" "Mozilla/5.0 (Macintosh; Intel Mac OS X 10_15_7) AppleWebKit/537.36"
192.0.2.200 - - [01/Mar/2026:08:12:17 +0000] "GET /admin/dashboard HTTP/1.1" 403 89 "-" "Mozilla/5.0 (compatible; Googlebot/2.1)"
198.51.100.88 - dave [01/Mar/2026:08:13:50 +0000] "POST /api/v1/cart/items HTTP/1.1" 201 389 "https://shop.example.com/products/2201" "Mozilla/5.0 (X11; Linux x86_64) AppleWebKit/537.36"
203.0.113.77 - eve [01/Mar/2026:08:14:22 +0000] "GET /api/v1/search?q=running+shoes HTTP/1.1" 200 5874 "https://shop.example.com/" "Mozilla/5.0 (Windows NT 10.0; Win64; x64) AppleWebKit/537.36 (KHTML, like Gecko) Edge/122.0.0.0"
192.0.2.55 - carol [01/Mar/2026:08:15:09 +0000] "POST /api/v1/orders HTTP/1.1" 500 211 "https://shop.example.com/checkout" "Mozilla/5.0 (iPhone; CPU iPhone OS 17_3 like Mac OS X) AppleWebKit/605.1.15"
203.0.113.10 - alice [01/Mar/2026:08:16:44 +0000] "GET /api/v1/products HTTP/1.1" 200 4521 "https://shop.example.com/" "Mozilla/5.0 (Macintosh; Intel Mac OS X 10_15_7) AppleWebKit/537.36"
198.51.100.25 - bob [01/Mar/2026:08:17:31 +0000] "POST /api/v1/auth/logout HTTP/1.1" 200 42 "https://shop.example.com/account" "Mozilla/5.0 (Windows NT 10.0; Win64; x64) AppleWebKit/537.36"
203.0.113.99 - frank [01/Mar/2026:08:18:05 +0000] "POST /api/v1/auth/login HTTP/1.1" 401 95 "-" "curl/8.4.0"
192.0.2.101 - - [01/Mar/2026:08:19:30 +0000] "GET /static/styles.css HTTP/1.1" 200 18432 "-" "Mozilla/5.0 (Windows NT 10.0; Win64; x64) AppleWebKit/537.36"
198.51.100.88 - dave [01/Mar/2026:08:20:15 +0000] "POST /api/v1/orders HTTP/1.1" 201 1087 "https://shop.example.com/checkout" "Mozilla/5.0 (X11; Linux x86_64) AppleWebKit/537.36"
203.0.113.77 - eve [01/Mar/2026:08:21:00 +0000] "GET /api/v1/products/3305 HTTP/1.1" 200 1934 "https://shop.example.com/search" "Mozilla/5.0 (Windows NT 10.0; Win64; x64) AppleWebKit/537.36 (KHTML, like Gecko) Edge/122.0.0.0"
192.0.2.55 - carol [01/Mar/2026:08:22:48 +0000] "POST /api/v1/auth/login HTTP/1.1" 200 312 "-" "Mozilla/5.0 (iPhone; CPU iPhone OS 17_3 like Mac OS X) AppleWebKit/605.1.15"
203.0.113.10 - alice [01/Mar/2026:08:23:11 +0000] "GET /api/v1/cart HTTP/1.1" 200 1104 "https://shop.example.com/cart" "Mozilla/5.0 (Macintosh; Intel Mac OS X 10_15_7) AppleWebKit/537.36"
198.51.100.33 - grace [01/Mar/2026:08:24:55 +0000] "GET /api/v1/products HTTP/1.1" 200 4521 "https://shop.example.com/" "Mozilla/5.0 (Macintosh; Intel Mac OS X 10_15_7) AppleWebKit/537.36 (KHTML, like Gecko) Safari/537.36"
203.0.113.44 - - [01/Mar/2026:08:25:40 +0000] "GET /api/v1/products/1042 HTTP/1.1" 301 0 "-" "Mozilla/5.0"
192.0.2.200 - - [01/Mar/2026:08:26:13 +0000] "GET /api/v1/products/not-a-number HTTP/1.1" 400 98 "-" "python-requests/2.31.0"
198.51.100.33 - grace [01/Mar/2026:08:27:02 +0000] "POST /api/v1/cart/items HTTP/1.1" 201 393 "https://shop.example.com/products/4410" "Mozilla/5.0 (Macintosh; Intel Mac OS X 10_15_7) AppleWebKit/537.36 (KHTML, like Gecko) Safari/537.36"
203.0.113.77 - eve [01/Mar/2026:08:28:30 +0000] "PUT /api/v1/users/profile HTTP/1.1" 200 644 "https://shop.example.com/account/edit" "Mozilla/5.0 (Windows NT 10.0; Win64; x64) AppleWebKit/537.36 (KHTML, like Gecko) Edge/122.0.0.0"
192.0.2.55 - carol [01/Mar/2026:08:29:17 +0000] "GET /api/v1/orders HTTP/1.1" 200 2341 "https://shop.example.com/orders" "Mozilla/5.0 (iPhone; CPU iPhone OS 17_3 like Mac OS X) AppleWebKit/605.1.15"
203.0.113.10 - alice [01/Mar/2026:08:30:44 +0000] "DELETE /api/v1/cart/items/12 HTTP/1.1" 200 42 "https://shop.example.com/cart" "Mozilla/5.0 (Macintosh; Intel Mac OS X 10_15_7) AppleWebKit/537.36"
198.51.100.88 - dave [01/Mar/2026:09:00:05 +0000] "GET /api/v1/products HTTP/1.1" 200 4521 "https://shop.example.com/" "Mozilla/5.0 (X11; Linux x86_64) AppleWebKit/537.36"
203.0.113.99 - frank [01/Mar/2026:09:01:22 +0000] "POST /api/v1/auth/login HTTP/1.1" 200 312 "-" "Mozilla/5.0 (Windows NT 10.0; Win64; x64) AppleWebKit/537.36"
192.0.2.101 - - [01/Mar/2026:09:02:48 +0000] "GET /static/app.js HTTP/1.1" 304 0 "https://shop.example.com/" "Mozilla/5.0 (Windows NT 10.0; Win64; x64) AppleWebKit/537.36"
198.51.100.33 - grace [01/Mar/2026:09:03:30 +0000] "POST /api/v1/orders HTTP/1.1" 201 1044 "https://shop.example.com/checkout" "Mozilla/5.0 (Macintosh; Intel Mac OS X 10_15_7) AppleWebKit/537.36 (KHTML, like Gecko) Safari/537.36"
203.0.113.77 - eve [01/Mar/2026:09:04:11 +0000] "GET /api/v1/search?q=yoga+mat HTTP/1.1" 200 3102 "https://shop.example.com/" "Mozilla/5.0 (Windows NT 10.0; Win64; x64) AppleWebKit/537.36 (KHTML, like Gecko) Edge/122.0.0.0"
192.0.2.55 - carol [01/Mar/2026:09:05:59 +0000] "GET /api/v1/recommendations HTTP/1.1" 200 2876 "https://shop.example.com/" "Mozilla/5.0 (iPhone; CPU iPhone OS 17_3 like Mac OS X) AppleWebKit/605.1.15"
203.0.113.10 - alice [01/Mar/2026:09:07:33 +0000] "GET /api/v1/products/5512 HTTP/1.1" 200 2013 "https://shop.example.com/search" "Mozilla/5.0 (Macintosh; Intel Mac OS X 10_15_7) AppleWebKit/537.36"
198.51.100.88 - dave [01/Mar/2026:09:08:04 +0000] "POST /api/v1/cart/items HTTP/1.1" 500 198 "https://shop.example.com/products/5512" "Mozilla/5.0 (X11; Linux x86_64) AppleWebKit/537.36"
203.0.113.99 - frank [01/Mar/2026:09:09:40 +0000] "GET /api/v1/cart HTTP/1.1" 200 421 "https://shop.example.com/cart" "Mozilla/5.0 (Windows NT 10.0; Win64; x64) AppleWebKit/537.36"
192.0.2.200 - - [01/Mar/2026:09:10:25 +0000] "GET /api/v1/products/../../etc/passwd HTTP/1.1" 400 112 "-" "curl/8.4.0"
198.51.100.33 - grace [01/Mar/2026:09:11:08 +0000] "GET /api/v1/orders/9934 HTTP/1.1" 200 822 "https://shop.example.com/orders" "Mozilla/5.0 (Macintosh; Intel Mac OS X 10_15_7) AppleWebKit/537.36 (KHTML, like Gecko) Safari/537.36"
203.0.113.77 - eve [01/Mar/2026:09:12:50 +0000] "POST /api/v1/cart/items HTTP/1.1" 201 388 "https://shop.example.com/products/6601" "Mozilla/5.0 (Windows NT 10.0; Win64; x64) AppleWebKit/537.36 (KHTML, like Gecko) Edge/122.0.0.0"
192.0.2.55 - carol [01/Mar/2026:09:13:37 +0000] "POST /api/v1/orders HTTP/1.1" 201 1062 "https://shop.example.com/checkout" "Mozilla/5.0 (iPhone; CPU iPhone OS 17_3 like Mac OS X) AppleWebKit/605.1.15"
203.0.113.10 - alice [01/Mar/2026:09:14:14 +0000] "GET /api/v1/users/profile HTTP/1.1" 200 644 "https://shop.example.com/account" "Mozilla/5.0 (Macintosh; Intel Mac OS X 10_15_7) AppleWebKit/537.36"
198.51.100.88 - dave [01/Mar/2026:09:15:01 +0000] "GET /api/v1/products HTTP/1.1" 200 4521 "https://shop.example.com/" "Mozilla/5.0 (X11; Linux x86_64) AppleWebKit/537.36"
203.0.113.44 - - [01/Mar/2026:10:00:00 +0000] "GET /api/v1/products HTTP/1.1" 200 4521 "-" "Mozilla/5.0 (compatible; bingbot/2.0)"
192.0.2.101 - - [01/Mar/2026:10:01:15 +0000] "GET /static/styles.css HTTP/1.1" 200 18432 "-" "Mozilla/5.0 (Windows NT 10.0; Win64; x64) AppleWebKit/537.36"
198.51.100.33 - grace [01/Mar/2026:10:02:44 +0000] "GET /api/v1/search?q=kitchen+appliances HTTP/1.1" 200 7204 "https://shop.example.com/" "Mozilla/5.0 (Macintosh; Intel Mac OS X 10_15_7) AppleWebKit/537.36 (KHTML, like Gecko) Safari/537.36"
203.0.113.99 - frank [01/Mar/2026:10:03:22 +0000] "POST /api/v1/cart/items HTTP/1.1" 201 395 "https://shop.example.com/products/7712" "Mozilla/5.0 (Windows NT 10.0; Win64; x64) AppleWebKit/537.36"
192.0.2.55 - carol [01/Mar/2026:10:04:08 +0000] "GET /api/v1/orders HTTP/1.1" 200 3102 "https://shop.example.com/orders" "Mozilla/5.0 (iPhone; CPU iPhone OS 17_3 like Mac OS X) AppleWebKit/605.1.15"
203.0.113.77 - eve [01/Mar/2026:10:05:51 +0000] "GET /api/v1/products/8834 HTTP/1.1" 200 1788 "https://shop.example.com/search" "Mozilla/5.0 (Windows NT 10.0; Win64; x64) AppleWebKit/537.36 (KHTML, like Gecko) Edge/122.0.0.0"
198.51.100.88 - dave [01/Mar/2026:10:06:30 +0000] "PUT /api/v1/users/profile HTTP/1.1" 200 644 "https://shop.example.com/account/edit" "Mozilla/5.0 (X11; Linux x86_64) AppleWebKit/537.36"
203.0.113.10 - alice [01/Mar/2026:10:07:17 +0000] "GET /api/v1/recommendations HTTP/1.1" 200 2941 "https://shop.example.com/" "Mozilla/5.0 (Macintosh; Intel Mac OS X 10_15_7) AppleWebKit/537.36"
192.0.2.200 - - [01/Mar/2026:10:08:05 +0000] "POST /api/v1/auth/login HTTP/1.1" 401 95 "-" "python-requests/2.31.0"
198.51.100.33 - grace [01/Mar/2026:10:09:40 +0000] "POST /api/v1/orders HTTP/1.1" 201 1031 "https://shop.example.com/checkout" "Mozilla/5.0 (Macintosh; Intel Mac OS X 10_15_7) AppleWebKit/537.36 (KHTML, like Gecko) Safari/537.36"
203.0.113.99 - frank [01/Mar/2026:10:10:28 +0000] "GET /api/v1/orders/10045 HTTP/1.1" 200 798 "https://shop.example.com/orders" "Mozilla/5.0 (Windows NT 10.0; Win64; x64) AppleWebKit/537.36"
192.0.2.55 - carol [01/Mar/2026:10:11:15 +0000] "DELETE /api/v1/cart/items/3 HTTP/1.1" 200 42 "https://shop.example.com/cart" "Mozilla/5.0 (iPhone; CPU iPhone OS 17_3 like Mac OS X) AppleWebKit/605.1.15"
203.0.113.77 - eve [01/Mar/2026:10:12:02 +0000] "GET /api/v1/cart HTTP/1.1" 200 1243 "https://shop.example.com/cart" "Mozilla/5.0 (Windows NT 10.0; Win64; x64) AppleWebKit/537.36 (KHTML, like Gecko) Edge/122.0.0.0"
198.51.100.88 - dave [01/Mar/2026:10:13:49 +0000] "GET /api/v1/search?q=bluetooth+speaker HTTP/1.1" 200 5588 "https://shop.example.com/" "Mozilla/5.0 (X11; Linux x86_64) AppleWebKit/537.36"
203.0.113.10 - alice [01/Mar/2026:10:14:36 +0000] "POST /api/v1/cart/items HTTP/1.1" 201 392 "https://shop.example.com/products/9901" "Mozilla/5.0 (Macintosh; Intel Mac OS X 10_15_7) AppleWebKit/537.36"
192.0.2.101 - - [01/Mar/2026:10:15:20 +0000] "GET /favicon.ico HTTP/1.1" 200 3286 "-" "Mozilla/5.0 (Windows NT 10.0; Win64; x64) AppleWebKit/537.36"
198.51.100.33 - grace [01/Mar/2026:10:16:07 +0000] "GET /api/v1/products/1101 HTTP/1.1" 200 1654 "https://shop.example.com/search" "Mozilla/5.0 (Macintosh; Intel Mac OS X 10_15_7) AppleWebKit/537.36 (KHTML, like Gecko) Safari/537.36"
203.0.113.99 - frank [01/Mar/2026:10:17:55 +0000] "POST /api/v1/orders HTTP/1.1" 500 204 "https://shop.example.com/checkout" "Mozilla/5.0 (Windows NT 10.0; Win64; x64) AppleWebKit/537.36"
192.0.2.55 - carol [01/Mar/2026:10:18:41 +0000] "GET /api/v1/users/profile HTTP/1.1" 200 644 "https://shop.example.com/account" "Mozilla/5.0 (iPhone; CPU iPhone OS 17_3 like Mac OS X) AppleWebKit/605.1.15"
203.0.113.77 - eve [01/Mar/2026:10:19:28 +0000] "POST /api/v1/auth/logout HTTP/1.1" 200 42 "https://shop.example.com/account" "Mozilla/5.0 (Windows NT 10.0; Win64; x64) AppleWebKit/537.36 (KHTML, like Gecko) Edge/122.0.0.0"
198.51.100.88 - dave [01/Mar/2026:10:20:15 +0000] "GET /api/v1/products HTTP/1.1" 200 4521 "https://shop.example.com/" "Mozilla/5.0 (X11; Linux x86_64) AppleWebKit/537.36"
203.0.113.10 - alice [01/Mar/2026:11:00:01 +0000] "POST /api/v1/orders HTTP/1.1" 201 1018 "https://shop.example.com/checkout" "Mozilla/5.0 (Macintosh; Intel Mac OS X 10_15_7) AppleWebKit/537.36"
192.0.2.200 - - [01/Mar/2026:11:01:30 +0000] "GET /api/v1/products/0 HTTP/1.1" 404 128 "-" "curl/8.4.0"
198.51.100.33 - grace [01/Mar/2026:11:02:17 +0000] "GET /api/v1/search?q=coffee+maker HTTP/1.1" 200 4891 "https://shop.example.com/" "Mozilla/5.0 (Macintosh; Intel Mac OS X 10_15_7) AppleWebKit/537.36 (KHTML, like Gecko) Safari/537.36"
203.0.113.99 - frank [01/Mar/2026:11:03:04 +0000] "GET /api/v1/recommendations HTTP/1.1" 200 3076 "https://shop.example.com/" "Mozilla/5.0 (Windows NT 10.0; Win64; x64) AppleWebKit/537.36"
192.0.2.55 - carol [01/Mar/2026:11:04:51 +0000] "POST /api/v1/cart/items HTTP/1.1" 201 397 "https://shop.example.com/products/2234" "Mozilla/5.0 (iPhone; CPU iPhone OS 17_3 like Mac OS X) AppleWebKit/605.1.15"
203.0.113.77 - eve [01/Mar/2026:11:05:38 +0000] "GET /api/v1/orders HTTP/1.1" 200 4217 "https://shop.example.com/orders" "Mozilla/5.0 (Windows NT 10.0; Win64; x64) AppleWebKit/537.36 (KHTML, like Gecko) Edge/122.0.0.0"
198.51.100.88 - dave [01/Mar/2026:11:06:25 +0000] "DELETE /api/v1/cart/items/9 HTTP/1.1" 200 42 "https://shop.example.com/cart" "Mozilla/5.0 (X11; Linux x86_64) AppleWebKit/537.36"
203.0.113.10 - alice [01/Mar/2026:11:07:12 +0000] "GET /api/v1/products/3344 HTTP/1.1" 200 1899 "https://shop.example.com/search" "Mozilla/5.0 (Macintosh; Intel Mac OS X 10_15_7) AppleWebKit/537.36"
192.0.2.101 - - [01/Mar/2026:11:08:00 +0000] "GET /static/app.js HTTP/1.1" 304 0 "-" "Mozilla/5.0 (Windows NT 10.0; Win64; x64) AppleWebKit/537.36"
198.51.100.33 - grace [01/Mar/2026:11:09:47 +0000] "PUT /api/v1/users/profile HTTP/1.1" 200 644 "https://shop.example.com/account/edit" "Mozilla/5.0 (Macintosh; Intel Mac OS X 10_15_7) AppleWebKit/537.36 (KHTML, like Gecko) Safari/537.36"
203.0.113.99 - frank [01/Mar/2026:11:10:34 +0000] "POST /api/v1/cart/items HTTP/1.1" 201 391 "https://shop.example.com/products/4455" "Mozilla/5.0 (Windows NT 10.0; Win64; x64) AppleWebKit/537.36"
192.0.2.55 - carol [01/Mar/2026:11:11:21 +0000] "GET /api/v1/cart HTTP/1.1" 200 977 "https://shop.example.com/cart" "Mozilla/5.0 (iPhone; CPU iPhone OS 17_3 like Mac OS X) AppleWebKit/605.1.15"
203.0.113.77 - eve [01/Mar/2026:11:12:08 +0000] "POST /api/v1/orders HTTP/1.1" 201 1055 "https://shop.example.com/checkout" "Mozilla/5.0 (Windows NT 10.0; Win64; x64) AppleWebKit/537.36 (KHTML, like Gecko) Edge/122.0.0.0"
198.51.100.88 - dave [01/Mar/2026:11:13:55 +0000] "GET /api/v1/users/profile HTTP/1.1" 200 644 "https://shop.example.com/account" "Mozilla/5.0 (X11; Linux x86_64) AppleWebKit/537.36"
203.0.113.10 - alice [01/Mar/2026:11:14:42 +0000] "GET /api/v1/search?q=smart+watch HTTP/1.1" 200 6012 "https://shop.example.com/" "Mozilla/5.0 (Macintosh; Intel Mac OS X 10_15_7) AppleWebKit/537.36"
192.0.2.200 - - [01/Mar/2026:11:15:29 +0000] "GET /admin/users HTTP/1.1" 403 89 "-" "Mozilla/5.0 (compatible; SemrushBot/7)"
198.51.100.33 - grace [01/Mar/2026:11:16:17 +0000] "GET /api/v1/products/5566 HTTP/1.1" 200 2201 "https://shop.example.com/search" "Mozilla/5.0 (Macintosh; Intel Mac OS X 10_15_7) AppleWebKit/537.36 (KHTML, like Gecko) Safari/537.36"
203.0.113.99 - frank [01/Mar/2026:11:17:04 +0000] "POST /api/v1/auth/logout HTTP/1.1" 200 42 "https://shop.example.com/account" "Mozilla/5.0 (Windows NT 10.0; Win64; x64) AppleWebKit/537.36"
192.0.2.55 - carol [01/Mar/2026:11:18:51 +0000] "GET /api/v1/orders/10234 HTTP/1.1" 200 811 "https://shop.example.com/orders" "Mozilla/5.0 (iPhone; CPU iPhone OS 17_3 like Mac OS X) AppleWebKit/605.1.15"
203.0.113.77 - eve [01/Mar/2026:11:19:38 +0000] "GET /api/v1/recommendations HTTP/1.1" 200 2755 "https://shop.example.com/" "Mozilla/5.0 (Windows NT 10.0; Win64; x64) AppleWebKit/537.36 (KHTML, like Gecko) Edge/122.0.0.0"
198.51.100.88 - dave [01/Mar/2026:11:20:25 +0000] "POST /api/v1/orders HTTP/1.1" 201 1099 "https://shop.example.com/checkout" "Mozilla/5.0 (X11; Linux x86_64) AppleWebKit/537.36"
